onedisetwo@onedisetwo-ASUS:~/yandexDisk/bogachev/sem3/task03$ valgrind ./a01.out 17 17 0 test1.txt
==12888== Memcheck, a memory error detector
==12888== Copyright (C) 2002-2022, and GNU GPL'd, by Julian Seward et al.
==12888== Using Valgrind-3.22.0 and LibVEX; rerun with -h for copyright info
==12888== Command: ./a01.out 17 17 0 test1.txt
==12888== 
s 2
s 4
s 8
s 4
s 1
s 0
s 5
s 15
s 20
s 0
s 3
s 2
s 10
s 1
s 8
s 10
s 12

New array:
s 2
s 4
s 8
s 5
s 15
s 20
s 3
s 10
s 8
s 10
s 12
./a01.out : Task = 1 Result = 11 Elapsed = 0.00
==12888== 
==12888== HEAP SUMMARY:
==12888==     in use at exit: 0 bytes in 0 blocks
==12888==   total heap usage: 22 allocs, 22 frees, 78,610 bytes allocated
==12888== 
==12888== All heap blocks were freed -- no leaks are possible
==12888== 
==12888== For lists of detected and suppressed errors, rerun with: -s
==12888== ERROR SUMMARY: 0 errors from 0 contexts (suppressed: 0 from 0)
onedisetwo@onedisetwo-ASUS:~/yandexDisk/bogachev/sem3/task03$ valgrind ./a02.out 17 17 0 test1.txt
==12912== Memcheck, a memory error detector
==12912== Copyright (C) 2002-2022, and GNU GPL'd, by Julian Seward et al.
==12912== Using Valgrind-3.22.0 and LibVEX; rerun with -h for copyright info
==12912== Command: ./a02.out 17 17 0 test1.txt
==12912== 
s 2
s 4
s 8
s 4
s 1
s 0
s 5
s 15
s 20
s 0
s 3
s 2
s 10
s 1
s 8
s 10
s 12

New array:
s 2
s 4
s 4
s 1
s 0
s 0
s 3
s 2
s 1
s 8
./a02.out : Task = 2 Result = 10 Elapsed = 0.00
==12912== 
==12912== HEAP SUMMARY:
==12912==     in use at exit: 0 bytes in 0 blocks
==12912==   total heap usage: 22 allocs, 22 frees, 78,610 bytes allocated
==12912== 
==12912== All heap blocks were freed -- no leaks are possible
==12912== 
==12912== For lists of detected and suppressed errors, rerun with: -s
==12912== ERROR SUMMARY: 0 errors from 0 contexts (suppressed: 0 from 0)
onedisetwo@onedisetwo-ASUS:~/yandexDisk/bogachev/sem3/task03$ valgrind ./a03.out 17 17 0 test1.txt
==12942== Memcheck, a memory error detector
==12942== Copyright (C) 2002-2022, and GNU GPL'd, by Julian Seward et al.
==12942== Using Valgrind-3.22.0 and LibVEX; rerun with -h for copyright info
==12942== Command: ./a03.out 17 17 0 test1.txt
==12942== 
s 2
s 4
s 8
s 4
s 1
s 0
s 5
s 15
s 20
s 0
s 3
s 2
s 10
s 1
s 8
s 10
s 12

New array:
s 2
s 4
s 8
s 4
s 1
s 5
s 15
s 20
s 3
s 10
s 8
s 10
s 12
./a03.out : Task = 3 Result = 13 Elapsed = 0.00
==12942== 
==12942== HEAP SUMMARY:
==12942==     in use at exit: 0 bytes in 0 blocks
==12942==   total heap usage: 22 allocs, 22 frees, 78,610 bytes allocated
==12942== 
==12942== All heap blocks were freed -- no leaks are possible
==12942== 
==12942== For lists of detected and suppressed errors, rerun with: -s
==12942== ERROR SUMMARY: 0 errors from 0 contexts (suppressed: 0 from 0)
onedisetwo@onedisetwo-ASUS:~/yandexDisk/bogachev/sem3/task03$ valgrind ./a04.out 17 17 0 test1.txt
==12964== Memcheck, a memory error detector
==12964== Copyright (C) 2002-2022, and GNU GPL'd, by Julian Seward et al.
==12964== Using Valgrind-3.22.0 and LibVEX; rerun with -h for copyright info
==12964== Command: ./a04.out 17 17 0 test1.txt
==12964== 
s 2
s 4
s 8
s 4
s 1
s 0
s 5
s 15
s 20
s 0
s 3
s 2
s 10
s 1
s 8
s 10
s 12

New array:
s 2
s 4
s 4
s 1
s 0
s 5
s 15
s 0
s 3
s 2
s 1
s 8
s 10
s 12
./a04.out : Task = 4 Result = 14 Elapsed = 0.00
==12964== 
==12964== HEAP SUMMARY:
==12964==     in use at exit: 0 bytes in 0 blocks
==12964==   total heap usage: 22 allocs, 22 frees, 78,610 bytes allocated
==12964== 
==12964== All heap blocks were freed -- no leaks are possible
==12964== 
==12964== For lists of detected and suppressed errors, rerun with: -s
==12964== ERROR SUMMARY: 0 errors from 0 contexts (suppressed: 0 from 0)
onedisetwo@onedisetwo-ASUS:~/yandexDisk/bogachev/sem3/task03$ valgrind ./a05.out 17 17 0 test1.txt
==13021== Memcheck, a memory error detector
==13021== Copyright (C) 2002-2022, and GNU GPL'd, by Julian Seward et al.
==13021== Using Valgrind-3.22.0 and LibVEX; rerun with -h for copyright info
==13021== Command: ./a05.out 17 17 0 test1.txt
==13021== 
s 2
s 4
s 8
s 4
s 1
s 0
s 5
s 15
s 20
s 0
s 3
s 2
s 10
s 1
s 8
s 10
s 12

New array:
s 2
s 4
s 5
s 15
s 8
s 10
s 12
./a05.out : Task = 5 Result = 7 Elapsed = 0.00
==13021== 
==13021== HEAP SUMMARY:
==13021==     in use at exit: 0 bytes in 0 blocks
==13021==   total heap usage: 22 allocs, 22 frees, 78,610 bytes allocated
==13021== 
==13021== All heap blocks were freed -- no leaks are possible
==13021== 
==13021== For lists of detected and suppressed errors, rerun with: -s
==13021== ERROR SUMMARY: 0 errors from 0 contexts (suppressed: 0 from 0)
onedisetwo@onedisetwo-ASUS:~/yandexDisk/bogachev/sem3/task03$ valgrind ./a06.out s 10 17 17 0 test1.txt
==13054== Memcheck, a memory error detector
==13054== Copyright (C) 2002-2022, and GNU GPL'd, by Julian Seward et al.
==13054== Using Valgrind-3.22.0 and LibVEX; rerun with -h for copyright info
==13054== Command: ./a06.out s 10 17 17 0 test1.txt
==13054== 
s 2
s 4
s 8
s 4
s 1
s 0
s 5
s 15
s 20
s 0
s 3
s 2
s 10
s 1
s 8
s 10
s 12

New array:
s 15
s 20
s 10
s 10
s 12
./a06.out : Task = 6 Result = 5 Elapsed = 0.00
==13054== 
==13054== HEAP SUMMARY:
==13054==     in use at exit: 0 bytes in 0 blocks
==13054==   total heap usage: 23 allocs, 23 frees, 78,612 bytes allocated
==13054== 
==13054== All heap blocks were freed -- no leaks are possible
==13054== 
==13054== For lists of detected and suppressed errors, rerun with: -s
==13054== ERROR SUMMARY: 0 errors from 0 contexts (suppressed: 0 from 0)
onedisetwo@onedisetwo-ASUS:~/yandexDisk/bogachev/sem3/task03$ valgrind ./a06.out s 4 17 17 0 test1.txt
==13077== Memcheck, a memory error detector
==13077== Copyright (C) 2002-2022, and GNU GPL'd, by Julian Seward et al.
==13077== Using Valgrind-3.22.0 and LibVEX; rerun with -h for copyright info
==13077== Command: ./a06.out s 4 17 17 0 test1.txt
==13077== 
s 2
s 4
s 8
s 4
s 1
s 0
s 5
s 15
s 20
s 0
s 3
s 2
s 10
s 1
s 8
s 10
s 12

New array:
s 4
s 8
s 4
s 5
s 15
s 20
s 10
s 8
s 10
s 12
./a06.out : Task = 6 Result = 10 Elapsed = 0.00
==13077== 
==13077== HEAP SUMMARY:
==13077==     in use at exit: 0 bytes in 0 blocks
==13077==   total heap usage: 23 allocs, 23 frees, 78,612 bytes allocated
==13077== 
==13077== All heap blocks were freed -- no leaks are possible
==13077== 
==13077== For lists of detected and suppressed errors, rerun with: -s
==13077== ERROR SUMMARY: 0 errors from 0 contexts (suppressed: 0 from 0)
onedisetwo@onedisetwo-ASUS:~/yandexDisk/bogachev/sem3/task03$ valgrind ./a06.out s -1 17 17 0 test1.txt
==13106== Memcheck, a memory error detector
==13106== Copyright (C) 2002-2022, and GNU GPL'd, by Julian Seward et al.
==13106== Using Valgrind-3.22.0 and LibVEX; rerun with -h for copyright info
==13106== Command: ./a06.out s -1 17 17 0 test1.txt
==13106== 
s 2
s 4
s 8
s 4
s 1
s 0
s 5
s 15
s 20
s 0
s 3
s 2
s 10
s 1
s 8
s 10
s 12

New array:
s 2
s 4
s 8
s 4
s 1
s 0
s 5
s 15
s 20
s 0
s 3
s 2
s 10
s 1
s 8
s 10
s 12
./a06.out : Task = 6 Result = 17 Elapsed = 0.00
==13106== 
==13106== HEAP SUMMARY:
==13106==     in use at exit: 0 bytes in 0 blocks
==13106==   total heap usage: 23 allocs, 23 frees, 78,612 bytes allocated
==13106== 
==13106== All heap blocks were freed -- no leaks are possible
==13106== 
==13106== For lists of detected and suppressed errors, rerun with: -s
==13106== ERROR SUMMARY: 0 errors from 0 contexts (suppressed: 0 from 0)
onedisetwo@onedisetwo-ASUS:~/yandexDisk/bogachev/sem3/task03$ valgrind ./a06.out s 111 17 17 0 test1.txt
==13129== Memcheck, a memory error detector
==13129== Copyright (C) 2002-2022, and GNU GPL'd, by Julian Seward et al.
==13129== Using Valgrind-3.22.0 and LibVEX; rerun with -h for copyright info
==13129== Command: ./a06.out s 111 17 17 0 test1.txt
==13129== 
s 2
s 4
s 8
s 4
s 1
s 0
s 5
s 15
s 20
s 0
s 3
s 2
s 10
s 1
s 8
s 10
s 12

New array:
./a06.out : Task = 6 Result = 0 Elapsed = 0.00
==13129== 
==13129== HEAP SUMMARY:
==13129==     in use at exit: 0 bytes in 0 blocks
==13129==   total heap usage: 23 allocs, 23 frees, 78,612 bytes allocated
==13129== 
==13129== All heap blocks were freed -- no leaks are possible
==13129== 
==13129== For lists of detected and suppressed errors, rerun with: -s
==13129== ERROR SUMMARY: 0 errors from 0 contexts (suppressed: 0 from 0)
onedisetwo@onedisetwo-ASUS:~/yandexDisk/bogachev/sem3/task03$ valgrind ./a07.out s 10 17 17 0 test1.txt
==13150== Memcheck, a memory error detector
==13150== Copyright (C) 2002-2022, and GNU GPL'd, by Julian Seward et al.
==13150== Using Valgrind-3.22.0 and LibVEX; rerun with -h for copyright info
==13150== Command: ./a07.out s 10 17 17 0 test1.txt
==13150== 
s 2
s 4
s 8
s 4
s 1
s 0
s 5
s 15
s 20
s 0
s 3
s 2
s 10
s 1
s 8
s 10
s 12

New array:
s 2
s 15
s 20
s 0
s 10
s 1
s 10
s 12
./a07.out : Task = 7 Result = 8 Elapsed = 0.00
==13150== 
==13150== HEAP SUMMARY:
==13150==     in use at exit: 0 bytes in 0 blocks
==13150==   total heap usage: 23 allocs, 23 frees, 78,612 bytes allocated
==13150== 
==13150== All heap blocks were freed -- no leaks are possible
==13150== 
==13150== For lists of detected and suppressed errors, rerun with: -s
==13150== ERROR SUMMARY: 0 errors from 0 contexts (suppressed: 0 from 0)
onedisetwo@onedisetwo-ASUS:~/yandexDisk/bogachev/sem3/task03$ valgrind ./a07.out s 100 17 17 0 test1.txt
==13180== Memcheck, a memory error detector
==13180== Copyright (C) 2002-2022, and GNU GPL'd, by Julian Seward et al.
==13180== Using Valgrind-3.22.0 and LibVEX; rerun with -h for copyright info
==13180== Command: ./a07.out s 100 17 17 0 test1.txt
==13180== 
s 2
s 4
s 8
s 4
s 1
s 0
s 5
s 15
s 20
s 0
s 3
s 2
s 10
s 1
s 8
s 10
s 12

New array:
s 2
./a07.out : Task = 7 Result = 1 Elapsed = 0.00
==13180== 
==13180== HEAP SUMMARY:
==13180==     in use at exit: 0 bytes in 0 blocks
==13180==   total heap usage: 23 allocs, 23 frees, 78,612 bytes allocated
==13180== 
==13180== All heap blocks were freed -- no leaks are possible
==13180== 
==13180== For lists of detected and suppressed errors, rerun with: -s
==13180== ERROR SUMMARY: 0 errors from 0 contexts (suppressed: 0 from 0)
onedisetwo@onedisetwo-ASUS:~/yandexDisk/bogachev/sem3/task03$ valgrind ./a07.out s 1 17 17 0 test1.txt
==13219== Memcheck, a memory error detector
==13219== Copyright (C) 2002-2022, and GNU GPL'd, by Julian Seward et al.
==13219== Using Valgrind-3.22.0 and LibVEX; rerun with -h for copyright info
==13219== Command: ./a07.out s 1 17 17 0 test1.txt
==13219== 
s 2
s 4
s 8
s 4
s 1
s 0
s 5
s 15
s 20
s 0
s 3
s 2
s 10
s 1
s 8
s 10
s 12

New array:
s 2
s 4
s 8
s 4
s 1
s 0
s 5
s 15
s 20
s 0
s 3
s 2
s 10
s 1
s 8
s 10
s 12
./a07.out : Task = 7 Result = 17 Elapsed = 0.00
==13219== 
==13219== HEAP SUMMARY:
==13219==     in use at exit: 0 bytes in 0 blocks
==13219==   total heap usage: 23 allocs, 23 frees, 78,612 bytes allocated
==13219== 
==13219== All heap blocks were freed -- no leaks are possible
==13219== 
==13219== For lists of detected and suppressed errors, rerun with: -s
==13219== ERROR SUMMARY: 0 errors from 0 contexts (suppressed: 0 from 0)
onedisetwo@onedisetwo-ASUS:~/yandexDisk/bogachev/sem3/task03$ valgrind ./a07.out s 4 17 17 0 test1.txt
==13248== Memcheck, a memory error detector
==13248== Copyright (C) 2002-2022, and GNU GPL'd, by Julian Seward et al.
==13248== Using Valgrind-3.22.0 and LibVEX; rerun with -h for copyright info
==13248== Command: ./a07.out s 4 17 17 0 test1.txt
==13248== 
s 2
s 4
s 8
s 4
s 1
s 0
s 5
s 15
s 20
s 0
s 3
s 2
s 10
s 1
s 8
s 10
s 12

New array:
s 2
s 4
s 8
s 4
s 1
s 5
s 15
s 20
s 0
s 10
s 1
s 8
s 10
s 12
./a07.out : Task = 7 Result = 14 Elapsed = 0.00
==13248== 
==13248== HEAP SUMMARY:
==13248==     in use at exit: 0 bytes in 0 blocks
==13248==   total heap usage: 23 allocs, 23 frees, 78,612 bytes allocated
==13248== 
==13248== All heap blocks were freed -- no leaks are possible
==13248== 
==13248== For lists of detected and suppressed errors, rerun with: -s
==13248== ERROR SUMMARY: 0 errors from 0 contexts (suppressed: 0 from 0)
onedisetwo@onedisetwo-ASUS:~/yandexDisk/bogachev/sem3/task03$ valgrind ./a08.out s 10 17 17 0 test1.txt
==13270== Memcheck, a memory error detector
==13270== Copyright (C) 2002-2022, and GNU GPL'd, by Julian Seward et al.
==13270== Using Valgrind-3.22.0 and LibVEX; rerun with -h for copyright info
==13270== Command: ./a08.out s 10 17 17 0 test1.txt
==13270== 
s 2
s 4
s 8
s 4
s 1
s 0
s 5
s 15
s 20
s 0
s 3
s 2
s 10
s 1
s 8
s 10
s 12

New array:
s 2
s 5
s 15
s 20
s 0
s 2
s 10
s 1
s 8
s 10
s 12
./a08.out : Task = 8 Result = 11 Elapsed = 0.00
==13270== 
==13270== HEAP SUMMARY:
==13270==     in use at exit: 0 bytes in 0 blocks
==13270==   total heap usage: 23 allocs, 23 frees, 78,612 bytes allocated
==13270== 
==13270== All heap blocks were freed -- no leaks are possible
==13270== 
==13270== For lists of detected and suppressed errors, rerun with: -s
==13270== ERROR SUMMARY: 0 errors from 0 contexts (suppressed: 0 from 0)
onedisetwo@onedisetwo-ASUS:~/yandexDisk/bogachev/sem3/task03$ valgrind ./a08.out s 10 17 17 0 test1.txt
==13332== Memcheck, a memory error detector
==13332== Copyright (C) 2002-2022, and GNU GPL'd, by Julian Seward et al.
==13332== Using Valgrind-3.22.0 and LibVEX; rerun with -h for copyright info
==13332== Command: ./a08.out s 10 17 17 0 test1.txt
==13332== 
s 2
s 4
s 8
s 4
s 1
s 0
s 5
s 15
s 20
s 0
s 3
s 2
s 10
s 1
s 8
s 10
s 12

New array:
s 2
s 4
s 8
s 4
s 1
s 0
s 5
s 15
s 20
s 0
s 3
s 2
s 10
s 1
s 8
s 10
s 12
./a08.out : Task = 8 Result = 17 Elapsed = 0.00
==13332== 
==13332== HEAP SUMMARY:
==13332==     in use at exit: 0 bytes in 0 blocks
==13332==   total heap usage: 23 allocs, 23 frees, 78,612 bytes allocated
==13332== 
==13332== All heap blocks were freed -- no leaks are possible
==13332== 
==13332== For lists of detected and suppressed errors, rerun with: -s
==13332== ERROR SUMMARY: 0 errors from 0 contexts (suppressed: 0 from 0)
onedisetwo@onedisetwo-ASUS:~/yandexDisk/bogachev/sem3/task03$ valgrind ./a08.out s 4 17 17 0 test1.txt
==13356== Memcheck, a memory error detector
==13356== Copyright (C) 2002-2022, and GNU GPL'd, by Julian Seward et al.
==13356== Using Valgrind-3.22.0 and LibVEX; rerun with -h for copyright info
==13356== Command: ./a08.out s 4 17 17 0 test1.txt
==13356== 
s 2
s 4
s 8
s 4
s 1
s 0
s 5
s 15
s 20
s 0
s 3
s 2
s 10
s 1
s 8
s 10
s 12

New array:
s 2
s 4
s 8
s 4
s 1
s 0
s 5
s 20
s 0
s 3
s 2
s 10
s 1
s 8
s 12
./a08.out : Task = 8 Result = 15 Elapsed = 0.00
==13356== 
==13356== HEAP SUMMARY:
==13356==     in use at exit: 0 bytes in 0 blocks
==13356==   total heap usage: 23 allocs, 23 frees, 78,612 bytes allocated
==13356== 
==13356== All heap blocks were freed -- no leaks are possible
==13356== 
==13356== For lists of detected and suppressed errors, rerun with: -s
==13356== ERROR SUMMARY: 0 errors from 0 contexts (suppressed: 0 from 0)
onedisetwo@onedisetwo-ASUS:~/yandexDisk/bogachev/sem3/task03$ valgrind ./a08.out s 2 17 17 0 test1.txt
==13449== Memcheck, a memory error detector
==13449== Copyright (C) 2002-2022, and GNU GPL'd, by Julian Seward et al.
==13449== Using Valgrind-3.22.0 and LibVEX; rerun with -h for copyright info
==13449== Command: ./a08.out s 2 17 17 0 test1.txt
==13449== 
s 2
s 4
s 8
s 4
s 1
s 0
s 5
s 15
s 20
s 0
s 3
s 2
s 10
s 1
s 8
s 10
s 12

New array:
s 2
s 4
s 4
s 1
s 0
s 5
s 20
s 0
s 3
s 2
s 10
s 1
s 8
s 12
./a08.out : Task = 8 Result = 14 Elapsed = 0.00
==13449== 
==13449== HEAP SUMMARY:
==13449==     in use at exit: 0 bytes in 0 blocks
==13449==   total heap usage: 23 allocs, 23 frees, 78,612 bytes allocated
==13449== 
==13449== All heap blocks were freed -- no leaks are possible
==13449== 
==13449== For lists of detected and suppressed errors, rerun with: -s
==13449== ERROR SUMMARY: 0 errors from 0 contexts (suppressed: 0 from 0)
onedisetwo@onedisetwo-ASUS:~/yandexDisk/bogachev/sem3/task03$ valgrind ./a08.out s 1 17 17 0 test1.txt
==13474== Memcheck, a memory error detector
==13474== Copyright (C) 2002-2022, and GNU GPL'd, by Julian Seward et al.
==13474== Using Valgrind-3.22.0 and LibVEX; rerun with -h for copyright info
==13474== Command: ./a08.out s 1 17 17 0 test1.txt
==13474== 
s 2
s 4
s 8
s 4
s 1
s 0
s 5
s 15
s 20
s 0
s 3
s 2
s 10
s 1
s 8
s 10
s 12

New array:
s 2
s 4
s 1
s 0
s 5
s 20
s 0
s 3
s 10
s 1
s 8
s 12
./a08.out : Task = 8 Result = 12 Elapsed = 0.00
==13474== 
==13474== HEAP SUMMARY:
==13474==     in use at exit: 0 bytes in 0 blocks
==13474==   total heap usage: 23 allocs, 23 frees, 78,612 bytes allocated
==13474== 
==13474== All heap blocks were freed -- no leaks are possible
==13474== 
==13474== For lists of detected and suppressed errors, rerun with: -s
==13474== ERROR SUMMARY: 0 errors from 0 contexts (suppressed: 0 from 0)
onedisetwo@onedisetwo-ASUS:~/yandexDisk/bogachev/sem3/task03$ valgrind ./a08.out s 0 17 17 0 test1.txt
==14809== Memcheck, a memory error detector
==14809== Copyright (C) 2002-2022, and GNU GPL'd, by Julian Seward et al.
==14809== Using Valgrind-3.22.0 and LibVEX; rerun with -h for copyright info
==14809== Command: ./a08.out s 0 17 17 0 test1.txt
==14809== 
s 2
s 4
s 8
s 4
s 1
s 0
s 5
s 15
s 20
s 0
s 3
s 2
s 10
s 1
s 8
s 10
s 12

New array:
s 2
s 1
s 0
s 5
s 20
s 0
s 3
s 12
./a08.out : Task = 8 Result = 8 Elapsed = 0.00
==14809== 
==14809== HEAP SUMMARY:
==14809==     in use at exit: 0 bytes in 0 blocks
==14809==   total heap usage: 23 allocs, 23 frees, 78,612 bytes allocated
==14809== 
==14809== All heap blocks were freed -- no leaks are possible
==14809== 
==14809== For lists of detected and suppressed errors, rerun with: -s
==14809== ERROR SUMMARY: 0 errors from 0 contexts (suppressed: 0 from 0)
onedisetwo@onedisetwo-ASUS:~/yandexDisk/bogachev/sem3/task03$ valgrind ./a09.out s 10 17 17 0 test1.txt
==14855== Memcheck, a memory error detector
==14855== Copyright (C) 2002-2022, and GNU GPL'd, by Julian Seward et al.
==14855== Using Valgrind-3.22.0 and LibVEX; rerun with -h for copyright info
==14855== Command: ./a09.out s 10 17 17 0 test1.txt
==14855== 
s 2
s 4
s 8
s 4
s 1
s 0
s 5
s 15
s 20
s 0
s 3
s 2
s 10
s 1
s 8
s 10
s 12

New array:
s 12
./a09.out : Task = 9 Result = 1 Elapsed = 0.00
==14855== 
==14855== HEAP SUMMARY:
==14855==     in use at exit: 0 bytes in 0 blocks
==14855==   total heap usage: 23 allocs, 23 frees, 78,612 bytes allocated
==14855== 
==14855== All heap blocks were freed -- no leaks are possible
==14855== 
==14855== For lists of detected and suppressed errors, rerun with: -s
==14855== ERROR SUMMARY: 0 errors from 0 contexts (suppressed: 0 from 0)
onedisetwo@onedisetwo-ASUS:~/yandexDisk/bogachev/sem3/task03$ valgrind ./a09.out s 12 17 17 0 test1.txt
==14889== Memcheck, a memory error detector
==14889== Copyright (C) 2002-2022, and GNU GPL'd, by Julian Seward et al.
==14889== Using Valgrind-3.22.0 and LibVEX; rerun with -h for copyright info
==14889== Command: ./a09.out s 12 17 17 0 test1.txt
==14889== 
s 2
s 4
s 8
s 4
s 1
s 0
s 5
s 15
s 20
s 0
s 3
s 2
s 10
s 1
s 8
s 10
s 12

New array:
./a09.out : Task = 9 Result = 0 Elapsed = 0.00
==14889== 
==14889== HEAP SUMMARY:
==14889==     in use at exit: 0 bytes in 0 blocks
==14889==   total heap usage: 23 allocs, 23 frees, 78,612 bytes allocated
==14889== 
==14889== All heap blocks were freed -- no leaks are possible
==14889== 
==14889== For lists of detected and suppressed errors, rerun with: -s
==14889== ERROR SUMMARY: 0 errors from 0 contexts (suppressed: 0 from 0)
onedisetwo@onedisetwo-ASUS:~/yandexDisk/bogachev/sem3/task03$ valgrind ./a09.out s 5 17 17 0 test1.txt
==14912== Memcheck, a memory error detector
==14912== Copyright (C) 2002-2022, and GNU GPL'd, by Julian Seward et al.
==14912== Using Valgrind-3.22.0 and LibVEX; rerun with -h for copyright info
==14912== Command: ./a09.out s 5 17 17 0 test1.txt
==14912== 
s 2
s 4
s 8
s 4
s 1
s 0
s 5
s 15
s 20
s 0
s 3
s 2
s 10
s 1
s 8
s 10
s 12

New array:
s 15
s 1
s 10
s 12
./a09.out : Task = 9 Result = 4 Elapsed = 0.01
==14912== 
==14912== HEAP SUMMARY:
==14912==     in use at exit: 0 bytes in 0 blocks
==14912==   total heap usage: 23 allocs, 23 frees, 78,612 bytes allocated
==14912== 
==14912== All heap blocks were freed -- no leaks are possible
==14912== 
==14912== For lists of detected and suppressed errors, rerun with: -s
==14912== ERROR SUMMARY: 0 errors from 0 contexts (suppressed: 0 from 0)
onedisetwo@onedisetwo-ASUS:~/yandexDisk/bogachev/sem3/task03$ valgrind ./a09.out s 1 17 17 0 test1.txt
==14940== Memcheck, a memory error detector
==14940== Copyright (C) 2002-2022, and GNU GPL'd, by Julian Seward et al.
==14940== Using Valgrind-3.22.0 and LibVEX; rerun with -h for copyright info
==14940== Command: ./a09.out s 1 17 17 0 test1.txt
==14940== 
s 2
s 4
s 8
s 4
s 1
s 0
s 5
s 15
s 20
s 0
s 3
s 2
s 10
s 1
s 8
s 10
s 12

New array:
s 2
s 4
s 8
s 4
s 0
s 15
s 0
s 2
s 10
s 1
s 8
s 10
s 12
./a09.out : Task = 9 Result = 13 Elapsed = 0.00
==14940== 
==14940== HEAP SUMMARY:
==14940==     in use at exit: 0 bytes in 0 blocks
==14940==   total heap usage: 23 allocs, 23 frees, 78,612 bytes allocated
==14940== 
==14940== All heap blocks were freed -- no leaks are possible
==14940== 
==14940== For lists of detected and suppressed errors, rerun with: -s
==14940== ERROR SUMMARY: 0 errors from 0 contexts (suppressed: 0 from 0)
onedisetwo@onedisetwo-ASUS:~/yandexDisk/bogachev/sem3/task03$ valgrind ./a09.out s 100 17 17 0 test1.txt
==14987== Memcheck, a memory error detector
==14987== Copyright (C) 2002-2022, and GNU GPL'd, by Julian Seward et al.
==14987== Using Valgrind-3.22.0 and LibVEX; rerun with -h for copyright info
==14987== Command: ./a09.out s 100 17 17 0 test1.txt
==14987== 
s 2
s 4
s 8
s 4
s 1
s 0
s 5
s 15
s 20
s 0
s 3
s 2
s 10
s 1
s 8
s 10
s 12

New array:
./a09.out : Task = 9 Result = 0 Elapsed = 0.00
==14987== 
==14987== HEAP SUMMARY:
==14987==     in use at exit: 0 bytes in 0 blocks
==14987==   total heap usage: 23 allocs, 23 frees, 78,612 bytes allocated
==14987== 
==14987== All heap blocks were freed -- no leaks are possible
==14987== 
==14987== For lists of detected and suppressed errors, rerun with: -s
==14987== ERROR SUMMARY: 0 errors from 0 contexts (suppressed: 0 from 0)
onedisetwo@onedisetwo-ASUS:~/yandexDisk/bogachev/sem3/task03$ valgrind ./a09.out s 7 17 17 0 test1.txt
==15013== Memcheck, a memory error detector
==15013== Copyright (C) 2002-2022, and GNU GPL'd, by Julian Seward et al.
==15013== Using Valgrind-3.22.0 and LibVEX; rerun with -h for copyright info
==15013== Command: ./a09.out s 7 17 17 0 test1.txt
==15013== 
s 2
s 4
s 8
s 4
s 1
s 0
s 5
s 15
s 20
s 0
s 3
s 2
s 10
s 1
s 8
s 10
s 12

New array:
s 1
s 10
s 12
./a09.out : Task = 9 Result = 3 Elapsed = 0.00
==15013== 
==15013== HEAP SUMMARY:
==15013==     in use at exit: 0 bytes in 0 blocks
==15013==   total heap usage: 23 allocs, 23 frees, 78,612 bytes allocated
==15013== 
==15013== All heap blocks were freed -- no leaks are possible
==15013== 
==15013== For lists of detected and suppressed errors, rerun with: -s
==15013== ERROR SUMMARY: 0 errors from 0 contexts (suppressed: 0 from 0)
onedisetwo@onedisetwo-ASUS:~/yandexDisk/bogachev/sem3/task03$ valgrind ./a10.out s 7 17 17 0 test1.txt
==15035== Memcheck, a memory error detector
==15035== Copyright (C) 2002-2022, and GNU GPL'd, by Julian Seward et al.
==15035== Using Valgrind-3.22.0 and LibVEX; rerun with -h for copyright info
==15035== Command: ./a10.out s 7 17 17 0 test1.txt
==15035== 
s 2
s 4
s 8
s 4
s 1
s 0
s 5
s 15
s 20
s 0
s 3
s 2
s 10
s 1
s 8
s 10
s 12

New array:
s 2
s 4
s 8
s 4
s 1
s 0
s 5
s 15
s 20
s 2
s 10
s 1
s 8
s 10
s 12
./a10.out : Task = 10 Result = 15 Elapsed = 0.01
==15035== 
==15035== HEAP SUMMARY:
==15035==     in use at exit: 0 bytes in 0 blocks
==15035==   total heap usage: 23 allocs, 23 frees, 78,612 bytes allocated
==15035== 
==15035== All heap blocks were freed -- no leaks are possible
==15035== 
==15035== For lists of detected and suppressed errors, rerun with: -s
==15035== ERROR SUMMARY: 0 errors from 0 contexts (suppressed: 0 from 0)
